
*** Running vivado
    with args -log PmodGYRO_Demo.vds -m64 -product Vivado -mode batch -messageDb vivado.pb -notrace -source PmodGYRO_Demo.tcl



****** Vivado v2025.1 (64-bit)
  **** SW Build 6140274 on Thu May 22 00:12:29 MDT 2025
  **** IP Build 6138677 on Thu May 22 03:10:11 MDT 2025
  **** SharedData Build 6139179 on Tue May 20 17:58:58 MDT 2025
  **** Start of session at: Tue Feb 24 21:13:35 2026
    ** Copyright 1986-2022 Xilinx, Inc. All Rights Reserved.
    ** Copyright 2022-2025 Advanced Micro Devices, Inc. All Rights Reserved.

source PmodGYRO_Demo.tcl -notrace
create_project: Time (s): cpu = 00:00:06 ; elapsed = 00:00:06 . Memory (MB): peak = 493.855 ; gain = 212.629
Command: read_checkpoint -auto_incremental -incremental C:/Users/gener/Verilog-Experiment/Basys3/GyroDemo/GyroDemo.srcs/utils_1/imports/synth_1/PmodGYRO_Demo.dcp
INFO: [Vivado 12-5825] Read reference checkpoint from C:/Users/gener/Verilog-Experiment/Basys3/GyroDemo/GyroDemo.srcs/utils_1/imports/synth_1/PmodGYRO_Demo.dcp for incremental synthesis
INFO: [Vivado 12-7989] Please ensure there are no constraint changes
Command: synth_design -top PmodGYRO_Demo -part xc7a35tcpg236-1
Starting synth_design
Attempting to get a license for feature 'Synthesis' and/or device 'xc7a35t'
INFO: [Common 17-349] Got license for feature 'Synthesis' and/or device 'xc7a35t'
INFO: [Device 21-403] Loading part xc7a35tcpg236-1
INFO: [Designutils 20-5440] No compile time benefit to using incremental synthesis; A full resynthesis will be run
INFO: [Designutils 20-4379] Flow is switching to default flow due to incremental criteria not met. If you would like to alter this behaviour and have the flow terminate instead, please set the following parameter config_implementation {autoIncr.Synth.RejectBehavior Terminate}
INFO: [Synth 8-7079] Multithreading enabled for synth_design using a maximum of 2 processes.
INFO: [Synth 8-7078] Launching helper process for spawning children vivado processes
INFO: [Synth 8-7075] Helper process launched with PID 38852
---------------------------------------------------------------------------------
Starting RTL Elaboration : Time (s): cpu = 00:00:04 ; elapsed = 00:00:05 . Memory (MB): peak = 1180.156 ; gain = 494.000
---------------------------------------------------------------------------------
WARNING: [Synth 8-6901] identifier 'Idle' is used before its declaration [C:/Users/gener/Verilog-Experiment/Basys3/pmodgyro_demo_verilog/PmodGYRO_Demo/Binary_To_BCD.v:57]
INFO: [Synth 8-6157] synthesizing module 'PmodGYRO_Demo' [C:/Users/gener/Verilog-Experiment/Basys3/pmodgyro_demo_verilog/PmodGYRO_Demo/pmodgyro_demo.v:51]
INFO: [Synth 8-6157] synthesizing module 'master_interface' [C:/Users/gener/Verilog-Experiment/Basys3/pmodgyro_demo_verilog/PmodGYRO_Demo/master_interface.v:24]
INFO: [Synth 8-155] case statement is not full and has no default [C:/Users/gener/Verilog-Experiment/Basys3/pmodgyro_demo_verilog/PmodGYRO_Demo/master_interface.v:120]
INFO: [Synth 8-6155] done synthesizing module 'master_interface' (0#1) [C:/Users/gener/Verilog-Experiment/Basys3/pmodgyro_demo_verilog/PmodGYRO_Demo/master_interface.v:24]
INFO: [Synth 8-6157] synthesizing module 'spi_interface' [C:/Users/gener/Verilog-Experiment/Basys3/pmodgyro_demo_verilog/PmodGYRO_Demo/spi_interface.v:24]
INFO: [Synth 8-155] case statement is not full and has no default [C:/Users/gener/Verilog-Experiment/Basys3/pmodgyro_demo_verilog/PmodGYRO_Demo/spi_interface.v:94]
INFO: [Synth 8-6155] done synthesizing module 'spi_interface' (0#1) [C:/Users/gener/Verilog-Experiment/Basys3/pmodgyro_demo_verilog/PmodGYRO_Demo/spi_interface.v:24]
INFO: [Synth 8-6157] synthesizing module 'display_controller' [C:/Users/gener/Verilog-Experiment/Basys3/pmodgyro_demo_verilog/PmodGYRO_Demo/display_controller.v:22]
INFO: [Synth 8-6157] synthesizing module 'data_controller' [C:/Users/gener/Verilog-Experiment/Basys3/pmodgyro_demo_verilog/PmodGYRO_Demo/data_controller.v:21]
INFO: [Synth 8-6157] synthesizing module 'Binary_To_BCD' [C:/Users/gener/Verilog-Experiment/Basys3/pmodgyro_demo_verilog/PmodGYRO_Demo/Binary_To_BCD.v:30]
INFO: [Synth 8-155] case statement is not full and has no default [C:/Users/gener/Verilog-Experiment/Basys3/pmodgyro_demo_verilog/PmodGYRO_Demo/Binary_To_BCD.v:84]
INFO: [Synth 8-6155] done synthesizing module 'Binary_To_BCD' (0#1) [C:/Users/gener/Verilog-Experiment/Basys3/pmodgyro_demo_verilog/PmodGYRO_Demo/Binary_To_BCD.v:30]
INFO: [Synth 8-6155] done synthesizing module 'data_controller' (0#1) [C:/Users/gener/Verilog-Experiment/Basys3/pmodgyro_demo_verilog/PmodGYRO_Demo/data_controller.v:21]
INFO: [Synth 8-6157] synthesizing module 'display_clk' [C:/Users/gener/Verilog-Experiment/Basys3/pmodgyro_demo_verilog/PmodGYRO_Demo/display_clk.v:22]
INFO: [Synth 8-6155] done synthesizing module 'display_clk' (0#1) [C:/Users/gener/Verilog-Experiment/Basys3/pmodgyro_demo_verilog/PmodGYRO_Demo/display_clk.v:22]
INFO: [Synth 8-6157] synthesizing module 'anode_decoder' [C:/Users/gener/Verilog-Experiment/Basys3/pmodgyro_demo_verilog/PmodGYRO_Demo/anode_decoder.v:20]
INFO: [Synth 8-6155] done synthesizing module 'anode_decoder' (0#1) [C:/Users/gener/Verilog-Experiment/Basys3/pmodgyro_demo_verilog/PmodGYRO_Demo/anode_decoder.v:20]
INFO: [Synth 8-6157] synthesizing module 'seven_seg_decoder' [C:/Users/gener/Verilog-Experiment/Basys3/pmodgyro_demo_verilog/PmodGYRO_Demo/seven_seg_decoder.v:21]
INFO: [Synth 8-6155] done synthesizing module 'seven_seg_decoder' (0#1) [C:/Users/gener/Verilog-Experiment/Basys3/pmodgyro_demo_verilog/PmodGYRO_Demo/seven_seg_decoder.v:21]
INFO: [Synth 8-6157] synthesizing module 'two_bit_counter' [C:/Users/gener/Verilog-Experiment/Basys3/pmodgyro_demo_verilog/PmodGYRO_Demo/two_bit_counter.v:21]
INFO: [Synth 8-6155] done synthesizing module 'two_bit_counter' (0#1) [C:/Users/gener/Verilog-Experiment/Basys3/pmodgyro_demo_verilog/PmodGYRO_Demo/two_bit_counter.v:21]
INFO: [Synth 8-6157] synthesizing module 'digit_select' [C:/Users/gener/Verilog-Experiment/Basys3/pmodgyro_demo_verilog/PmodGYRO_Demo/digit_select.v:21]
INFO: [Synth 8-6155] done synthesizing module 'digit_select' (0#1) [C:/Users/gener/Verilog-Experiment/Basys3/pmodgyro_demo_verilog/PmodGYRO_Demo/digit_select.v:21]
INFO: [Synth 8-6157] synthesizing module 'decimal_select' [C:/Users/gener/Verilog-Experiment/Basys3/pmodgyro_demo_verilog/PmodGYRO_Demo/decimal_select.v:21]
INFO: [Synth 8-6155] done synthesizing module 'decimal_select' (0#1) [C:/Users/gener/Verilog-Experiment/Basys3/pmodgyro_demo_verilog/PmodGYRO_Demo/decimal_select.v:21]
INFO: [Synth 8-6157] synthesizing module 'data_select' [C:/Users/gener/Verilog-Experiment/Basys3/pmodgyro_demo_verilog/PmodGYRO_Demo/data_select.v:21]
INFO: [Synth 8-6155] done synthesizing module 'data_select' (0#1) [C:/Users/gener/Verilog-Experiment/Basys3/pmodgyro_demo_verilog/PmodGYRO_Demo/data_select.v:21]
INFO: [Synth 8-6155] done synthesizing module 'display_controller' (0#1) [C:/Users/gener/Verilog-Experiment/Basys3/pmodgyro_demo_verilog/PmodGYRO_Demo/display_controller.v:22]
INFO: [Synth 8-6155] done synthesizing module 'PmodGYRO_Demo' (0#1) [C:/Users/gener/Verilog-Experiment/Basys3/pmodgyro_demo_verilog/PmodGYRO_Demo/pmodgyro_demo.v:51]
WARNING: [Synth 8-7129] Port control[1] in module decimal_select is either unconnected or has no load
WARNING: [Synth 8-7129] Port control[0] in module decimal_select is either unconnected or has no load
---------------------------------------------------------------------------------
Finished RTL Elaboration : Time (s): cpu = 00:00:06 ; elapsed = 00:00:07 . Memory (MB): peak = 1290.820 ; gain = 604.664
---------------------------------------------------------------------------------
---------------------------------------------------------------------------------
Start Handling Custom Attributes
---------------------------------------------------------------------------------
---------------------------------------------------------------------------------
Finished Handling Custom Attributes : Time (s): cpu = 00:00:06 ; elapsed = 00:00:07 . Memory (MB): peak = 1290.820 ; gain = 604.664
---------------------------------------------------------------------------------
---------------------------------------------------------------------------------
Finished RTL Optimization Phase 1 : Time (s): cpu = 00:00:06 ; elapsed = 00:00:07 . Memory (MB): peak = 1290.820 ; gain = 604.664
---------------------------------------------------------------------------------
Netlist sorting complete. Time (s): cpu = 00:00:00 ; elapsed = 00:00:00.009 . Memory (MB): peak = 1290.820 ; gain = 0.000
INFO: [Project 1-570] Preparing netlist for logic optimization

Processing XDC Constraints
Initializing timing engine
Parsing XDC File [C:/Users/gener/Verilog-Experiment/Basys3/pmodgyro_demo_verilog/PmodGYRO_Demo/Basys3_Pmod.xdc]
Finished Parsing XDC File [C:/Users/gener/Verilog-Experiment/Basys3/pmodgyro_demo_verilog/PmodGYRO_Demo/Basys3_Pmod.xdc]
INFO: [Project 1-236] Implementation specific constraints were found while reading constraint file [C:/Users/gener/Verilog-Experiment/Basys3/pmodgyro_demo_verilog/PmodGYRO_Demo/Basys3_Pmod.xdc]. These constraints will be ignored for synthesis but will be used in implementation. Impacted constraints are listed in the file [.Xil/PmodGYRO_Demo_propImpl.xdc].
Resolution: To avoid this warning, move constraints listed in [.Xil/PmodGYRO_Demo_propImpl.xdc] to another XDC file and exclude this new file from synthesis with the used_in_synthesis property (File Properties dialog in GUI) and re-run elaboration/synthesis.
Completed Processing XDC Constraints

Netlist sorting complete. Time (s): cpu = 00:00:00 ; elapsed = 00:00:00 . Memory (MB): peak = 1372.887 ; gain = 0.000
INFO: [Project 1-111] Unisim Transformation Summary:
No Unisim elements were transformed.

Constraint Validation Runtime : Time (s): cpu = 00:00:00 ; elapsed = 00:00:00.003 . Memory (MB): peak = 1372.887 ; gain = 0.000
INFO: [Designutils 20-5440] No compile time benefit to using incremental synthesis; A full resynthesis will be run
INFO: [Designutils 20-4379] Flow is switching to default flow due to incremental criteria not met. If you would like to alter this behaviour and have the flow terminate instead, please set the following parameter config_implementation {autoIncr.Synth.RejectBehavior Terminate}
---------------------------------------------------------------------------------
Finished Constraint Validation : Time (s): cpu = 00:00:12 ; elapsed = 00:00:14 . Memory (MB): peak = 1372.887 ; gain = 686.730
---------------------------------------------------------------------------------
---------------------------------------------------------------------------------
Start Loading Part and Timing Information
---------------------------------------------------------------------------------
Loading part: xc7a35tcpg236-1
---------------------------------------------------------------------------------
Finished Loading Part and Timing Information : Time (s): cpu = 00:00:12 ; elapsed = 00:00:14 . Memory (MB): peak = 1372.887 ; gain = 686.730
---------------------------------------------------------------------------------
---------------------------------------------------------------------------------
Start Applying 'set_property' XDC Constraints
---------------------------------------------------------------------------------
---------------------------------------------------------------------------------
Finished applying 'set_property' XDC Constraints : Time (s): cpu = 00:00:12 ; elapsed = 00:00:14 . Memory (MB): peak = 1372.887 ; gain = 686.730
---------------------------------------------------------------------------------
INFO: [Synth 8-802] inferred FSM for state register 'RxTxSTATE_reg' in module 'spi_interface'
INFO: [Synth 8-802] inferred FSM for state register 'STATE_reg' in module 'Binary_To_BCD'
---------------------------------------------------------------------------------------------------
                   State |                     New Encoding |                Previous Encoding 
---------------------------------------------------------------------------------------------------
           RxTxTYPE_idle |                              001 |                               00
          RxTxTYPE_rx_tx |                              010 |                               01
           RxTxTYPE_hold |                              100 |                               10
---------------------------------------------------------------------------------------------------
INFO: [Synth 8-3354] encoded FSM with state register 'RxTxSTATE_reg' using encoding 'one-hot' in module 'spi_interface'
---------------------------------------------------------------------------------------------------
                   State |                     New Encoding |                Previous Encoding 
---------------------------------------------------------------------------------------------------
                    Idle |                              000 |                              000
                    Init |                              001 |                              001
                   Shift |                              010 |                              011
                   Check |                              011 |                              010
                    Done |                              100 |                              110
---------------------------------------------------------------------------------------------------
INFO: [Synth 8-3354] encoded FSM with state register 'STATE_reg' using encoding 'sequential' in module 'Binary_To_BCD'
---------------------------------------------------------------------------------
Finished RTL Optimization Phase 2 : Time (s): cpu = 00:00:12 ; elapsed = 00:00:14 . Memory (MB): peak = 1372.887 ; gain = 686.730
---------------------------------------------------------------------------------
---------------------------------------------------------------------------------
Start RTL Component Statistics 
---------------------------------------------------------------------------------
Detailed RTL Component Info : 
+---Adders : 
	   2 Input   24 Bit       Adders := 1     
	   2 Input   16 Bit       Adders := 2     
	   2 Input   12 Bit       Adders := 2     
	   2 Input    5 Bit       Adders := 1     
	   2 Input    4 Bit       Adders := 5     
	   2 Input    3 Bit       Adders := 1     
	   2 Input    2 Bit       Adders := 1     
+---Registers : 
	               48 Bit    Registers := 1     
	               32 Bit    Registers := 1     
	               24 Bit    Registers := 1     
	               16 Bit    Registers := 4     
	               12 Bit    Registers := 2     
	                8 Bit    Registers := 4     
	                5 Bit    Registers := 1     
	                4 Bit    Registers := 1     
	                3 Bit    Registers := 3     
	                2 Bit    Registers := 1     
	                1 Bit    Registers := 6     
+---Muxes : 
	   8 Input   48 Bit        Muxes := 2     
	   2 Input   48 Bit        Muxes := 3     
	   7 Input   48 Bit        Muxes := 1     
	   2 Input   32 Bit        Muxes := 1     
	   5 Input   32 Bit        Muxes := 2     
	   2 Input   16 Bit        Muxes := 2     
	   4 Input   16 Bit        Muxes := 1     
	   2 Input   12 Bit        Muxes := 1     
	   8 Input    8 Bit        Muxes := 1     
	   2 Input    8 Bit        Muxes := 2     
	   3 Input    8 Bit        Muxes := 1     
	   2 Input    7 Bit        Muxes := 1     
	   2 Input    6 Bit        Muxes := 1     
	   5 Input    5 Bit        Muxes := 1     
	   3 Input    4 Bit        Muxes := 2     
	   2 Input    4 Bit        Muxes := 5     
	   4 Input    4 Bit        Muxes := 2     
	   2 Input    3 Bit        Muxes := 5     
	   3 Input    3 Bit        Muxes := 3     
	   8 Input    3 Bit        Muxes := 1     
	   5 Input    3 Bit        Muxes := 1     
	   2 Input    2 Bit        Muxes := 3     
	   8 Input    1 Bit        Muxes := 11    
	   2 Input    1 Bit        Muxes := 15    
	   3 Input    1 Bit        Muxes := 6     
	   5 Input    1 Bit        Muxes := 3     
---------------------------------------------------------------------------------
Finished RTL Component Statistics 
---------------------------------------------------------------------------------
---------------------------------------------------------------------------------
Start Part Resource Summary
---------------------------------------------------------------------------------
Part Resources:
DSPs: 90 (col length:60)
BRAMs: 100 (col length: RAMB18 60 RAMB36 30)
---------------------------------------------------------------------------------
Finished Part Resource Summary
---------------------------------------------------------------------------------
---------------------------------------------------------------------------------
Start Cross Boundary and Area Optimization
---------------------------------------------------------------------------------
WARNING: [Synth 8-7080] Parallel synthesis criteria is not met
---------------------------------------------------------------------------------
Finished Cross Boundary and Area Optimization : Time (s): cpu = 00:00:15 ; elapsed = 00:00:17 . Memory (MB): peak = 1372.887 ; gain = 686.730
---------------------------------------------------------------------------------
---------------------------------------------------------------------------------
Start Applying XDC Timing Constraints
---------------------------------------------------------------------------------
---------------------------------------------------------------------------------
Finished Applying XDC Timing Constraints : Time (s): cpu = 00:00:20 ; elapsed = 00:00:22 . Memory (MB): peak = 1495.223 ; gain = 809.066
---------------------------------------------------------------------------------
---------------------------------------------------------------------------------
Start Timing Optimization
---------------------------------------------------------------------------------
---------------------------------------------------------------------------------
Finished Timing Optimization : Time (s): cpu = 00:00:21 ; elapsed = 00:00:23 . Memory (MB): peak = 1533.836 ; gain = 847.680
---------------------------------------------------------------------------------
---------------------------------------------------------------------------------
Start Technology Mapping
---------------------------------------------------------------------------------
---------------------------------------------------------------------------------
Finished Technology Mapping : Time (s): cpu = 00:00:21 ; elapsed = 00:00:24 . Memory (MB): peak = 1545.355 ; gain = 859.199
---------------------------------------------------------------------------------
---------------------------------------------------------------------------------
Start IO Insertion
---------------------------------------------------------------------------------
---------------------------------------------------------------------------------
Start Flattening Before IO Insertion
---------------------------------------------------------------------------------
---------------------------------------------------------------------------------
Finished Flattening Before IO Insertion
---------------------------------------------------------------------------------
---------------------------------------------------------------------------------
Start Final Netlist Cleanup
---------------------------------------------------------------------------------
---------------------------------------------------------------------------------
Finished Final Netlist Cleanup
---------------------------------------------------------------------------------
---------------------------------------------------------------------------------
Finished IO Insertion : Time (s): cpu = 00:00:25 ; elapsed = 00:00:28 . Memory (MB): peak = 1743.820 ; gain = 1057.664
---------------------------------------------------------------------------------
---------------------------------------------------------------------------------
Start Renaming Generated Instances
---------------------------------------------------------------------------------
---------------------------------------------------------------------------------
Finished Renaming Generated Instances : Time (s): cpu = 00:00:25 ; elapsed = 00:00:28 . Memory (MB): peak = 1743.820 ; gain = 1057.664
---------------------------------------------------------------------------------
---------------------------------------------------------------------------------
Start Rebuilding User Hierarchy
---------------------------------------------------------------------------------
---------------------------------------------------------------------------------
Finished Rebuilding User Hierarchy : Time (s): cpu = 00:00:25 ; elapsed = 00:00:28 . Memory (MB): peak = 1743.820 ; gain = 1057.664
---------------------------------------------------------------------------------
---------------------------------------------------------------------------------
Start Renaming Generated Ports
---------------------------------------------------------------------------------
---------------------------------------------------------------------------------
Finished Renaming Generated Ports : Time (s): cpu = 00:00:25 ; elapsed = 00:00:28 . Memory (MB): peak = 1743.820 ; gain = 1057.664
---------------------------------------------------------------------------------
---------------------------------------------------------------------------------
Start Handling Custom Attributes
---------------------------------------------------------------------------------
---------------------------------------------------------------------------------
Finished Handling Custom Attributes : Time (s): cpu = 00:00:25 ; elapsed = 00:00:28 . Memory (MB): peak = 1743.820 ; gain = 1057.664
---------------------------------------------------------------------------------
---------------------------------------------------------------------------------
Start Renaming Generated Nets
---------------------------------------------------------------------------------
---------------------------------------------------------------------------------
Finished Renaming Generated Nets : Time (s): cpu = 00:00:25 ; elapsed = 00:00:28 . Memory (MB): peak = 1743.820 ; gain = 1057.664
---------------------------------------------------------------------------------
---------------------------------------------------------------------------------
Start Writing Synthesis Report
---------------------------------------------------------------------------------

Report BlackBoxes: 
+-+--------------+----------+
| |BlackBox name |Instances |
+-+--------------+----------+
+-+--------------+----------+

Report Cell Usage: 
+------+-------+------+
|      |Cell   |Count |
+------+-------+------+
|1     |BUFG   |     1|
|2     |CARRY4 |    29|
|3     |LUT1   |     2|
|4     |LUT2   |    69|
|5     |LUT3   |    36|
|6     |LUT4   |    29|
|7     |LUT5   |    81|
|8     |LUT6   |   112|
|9     |FDCE   |     2|
|10    |FDRE   |   255|
|11    |FDSE   |     4|
|12    |IBUF   |     7|
|13    |OBUF   |    15|
+------+-------+------+
---------------------------------------------------------------------------------
Finished Writing Synthesis Report : Time (s): cpu = 00:00:25 ; elapsed = 00:00:28 . Memory (MB): peak = 1743.820 ; gain = 1057.664
---------------------------------------------------------------------------------
Synthesis finished with 0 errors, 0 critical warnings and 1 warnings.
Synthesis Optimization Runtime : Time (s): cpu = 00:00:19 ; elapsed = 00:00:26 . Memory (MB): peak = 1743.820 ; gain = 975.598
Synthesis Optimization Complete : Time (s): cpu = 00:00:26 ; elapsed = 00:00:28 . Memory (MB): peak = 1743.820 ; gain = 1057.664
INFO: [Project 1-571] Translating synthesized netlist
Netlist sorting complete. Time (s): cpu = 00:00:00 ; elapsed = 00:00:00.004 . Memory (MB): peak = 1743.820 ; gain = 0.000
INFO: [Netlist 29-17] Analyzing 29 Unisim elements for replacement
INFO: [Netlist 29-28] Unisim Transformation completed in 0 CPU seconds
INFO: [Project 1-570] Preparing netlist for logic optimization
INFO: [Opt 31-138] Pushed 0 inverter(s) to 0 load pin(s).
Netlist sorting complete. Time (s): cpu = 00:00:00 ; elapsed = 00:00:00 . Memory (MB): peak = 1743.820 ; gain = 0.000
INFO: [Project 1-111] Unisim Transformation Summary:
No Unisim elements were transformed.

Synth Design complete | Checksum: 4271b231
INFO: [Common 17-83] Releasing license: Synthesis
54 Infos, 4 Warnings, 0 Critical Warnings and 0 Errors encountered.
synth_design completed successfully
synth_design: Time (s): cpu = 00:00:29 ; elapsed = 00:00:42 . Memory (MB): peak = 1743.820 ; gain = 1245.344
Write ShapeDB Complete: Time (s): cpu = 00:00:00 ; elapsed = 00:00:00.003 . Memory (MB): peak = 1743.820 ; gain = 0.000
INFO: [Common 17-1381] The checkpoint 'C:/Users/gener/Verilog-Experiment/Basys3/GyroDemo/GyroDemo.runs/synth_1/PmodGYRO_Demo.dcp' has been generated.
INFO: [Vivado 12-24828] Executing command : report_utilization -file PmodGYRO_Demo_utilization_synth.rpt -pb PmodGYRO_Demo_utilization_synth.pb
INFO: [Common 17-206] Exiting Vivado at Tue Feb 24 21:14:31 2026...
